
> psiquizz-backend@1.0.0 start
> node index.js

node:events:496
      throw er--- authMiddleware Debug ---
Token recebido no backend: eyJhbGciOiJIUzI1NiIs...
Erro ao verificar token JWT no backend: invalid JWT: unable to parse or verify signature, token signature is invalid: signature is invalid
--- authMiddleware Debug ---
Token recebido no backend: eyJhbGciOiJIUzI1NiIs...
Erro ao verificar token JWT no backend: invalid JWT: unable to parse or verify signature, token signature is invalid: signature is invalid
kend/index.js:128:5
    at ModuleJob.run (node:internal/modules/esm/module_job:329:25)
    at async onImport.tracePromise.__proto__ (node:internal/modules/esm/loader:644:26)
    at async asyncRunEntryPointWithESMLoader (node:internal/modules/run_main:117:5)
Emitted 'error' event on Server instance at:
    at emitErrorNT (node:net:1976:8)
    at process.processTicksAndRejections (node:internal/process/task_queues:90:21) {
  code: 'EADDRINUSE',
  errno: -48,
  syscall: 'listen',
  address: '::',
  port: 4000
}

Node.js v22.17.1
